>> 	    fallthrough
>> 	    ^^^^^^^^^^^ 
Error[internal/compiler/testdata/Check/fallthroughStmt.sabre:4:5]: fallthrough statement not within switch
