>> 		if z := 1; z {
>> 		           ^   
Error[internal/compiler/testdata/Check/IfStmt2.sabre:4:13]: if condition should be boolean, but found 'int'
